error: the `-Zfixed-x18` flag is not supported on the `arm` architecture

