error[E0277]: the trait bound `cross_crate::NonConst: ~const cross_crate::MyTrait` is not satisfied
  --> $DIR/cross-crate.rs:19:5
   |
LL |     NonConst.func();
   |     ^^^^^^^^^^^^^^^

error[E0015]: cannot call non-const fn `<cross_crate::NonConst as cross_crate::MyTrait>::func` in constant functions
  --> $DIR/cross-crate.rs:19:14
   |
LL |     NonConst.func();
   |              ^^^^^^
   |
   = note: calls in constant functions are limited to constant functions, tuple structs and tuple variants
help: add `#![feature(const_trait_impl)]` to the crate attributes to enable
   |
LL + #![feature(const_trait_impl)]
   |

error[E0015]: cannot call non-const fn `<cross_crate::Const as cross_crate::MyTrait>::func` in constant functions
  --> $DIR/cross-crate.rs:22:11
   |
LL |     Const.func();
   |           ^^^^^^
   |
   = note: calls in constant functions are limited to constant functions, tuple structs and tuple variants
help: add `#![feature(const_trait_impl)]` to the crate attributes to enable
   |
LL + #![feature(const_trait_impl)]
   |

error: aborting due to 3 previous errors

Some errors have detailed explanations: E0015, E0277.
For more information about an error, try `rustc --explain E0015`.
