error: ~const can only be applied to `#[const_trait]` traits
  --> $DIR/const-drop-fail.rs:24:26
   |
LL | const fn check<T: ~const Destruct>(_: T) {}
   |                          ^^^^^^^^

error: aborting due to previous error

