error[E0158]: constant pattern depends on a generic parameter, which is not allowed
  --> $DIR/const-match-pat-generic.rs:7:9
   |
LL |         const { V } => {},
   |         ^^^^^^^^^^^ `const` depends on a generic parameter

error[E0158]: constant pattern depends on a generic parameter, which is not allowed
  --> $DIR/const-match-pat-generic.rs:19:9
   |
LL |         const { f(V) } => {},
   |         ^^^^^^^^^^^^^^ `const` depends on a generic parameter

error: aborting due to 2 previous errors

For more information about this error, try `rustc --explain E0158`.
